# SPDX-License-Identifier: CC0-1.0

# This file provides a mapping of Unicode characters
# to their ASCII transliterations.

# Format:
# <UTF-8 character>:<ASCII string>
# or
# "<UTF-8 character>":"<ASCII string>"
# Quotation marks are optional.

# Czech, Slovenian (uses Č,Š,Ž)
Á:A
á:a
Č:C
č:c
Ď:D
ď:d
É:E
é:e
Ě:E
ě:e
Í:I
í:i
Ň:N
ň:n
Ó:O
ó:o
Ř:R
ř:r
Š:S
š:s
Ť:T
ť:t
Ú:U
ú:u
Ů:U
ů:u
Ý:Y
ý:y
Ž:Z
ž:z

# Slovak
Á:A
á:a
Ä:A
ä:a
Č:C
č:c
Ď:D
ď:d
É:E
é:e
Í:I
í:i
Ĺ:L
ĺ:l
Ľ:L
ľ:l
Ň:N
ň:n
Ó:O
ó:o
Ô:O
ô:o
Ŕ:R
ŕ:r
Š:S
š:s
Ť:T
ť:t
Ú:U
ú:u
Ý:Y
ý:y
Ž:Z
ž:z

# Hungarian
Á:A
á:a
É:E
é:e
Í:I
í:i
Ó:O
ó:o
Ö:O
ö:o
Ő:O
ő:o
Ú:U
ú:u
Ü:U
ü:u
Ű:U
ű:u

# French
À:A
à:a
Â:A
â:a
Æ:Ae
æ:ae
Ç:C
ç:c
É:E
é:e
È:E
è:e
Ê:E
ê:e
Ë:E
ë:e
Î:I
î:i
Ï:I
ï:i
Ô:O
ô:o
Œ:Oe
œ:oe
Ù:U
ù:u
Û:U
û:u
Ü:U
ü:u
Ÿ:Y
ÿ:y

# German
Ä:A
ä:a
Ö:O
ö:o
Ü:U
ü:u
ẞ:SS
ß:ss

# Icelandic
Á:A
á:a
Ð:D
ð:d
É:E
é:e
Í:I
í:i
Ó:O
ó:o
Ú:U
ú:u
Ý:Y
ý:y
Þ:Th
þ:th
Æ:Ae
æ:ae
Ö:O
ö:o

# Italian
À:A
à:a
È:E
è:e
É:E
é:e
Ì:I
ì:i
Ò:O
ò:o
Ù:U
ù:u

# Polish
Ą:A
ą:a
Ć:C
ć:c
Ę:E
ę:e
Ł:L
ł:l
Ń:N
ń:n
Ó:O
ó:o
Ś:S
ś:s
Ź:Z
ź:z
Ż:Z
ż:z

# Portuguese
Ã:A
ã:a
Á:A
á:a
À:A
à:a
Â:A
â:a
Ç:C
ç:c
É:E
é:e
Ê:E
ê:e
Í:I
í:i
Õ:O
õ:o
Ó:O
ó:o
Ô:O
ô:o
Ú:U
ú:u

# Romanian
Ă:A
ă:a
Â:A
â:a
Î:I
î:i
Ș:S
ș:s
Ț:T
ț:t

# Spanish
Á:A
á:a
É:E
é:e
Í:I
í:i
Ñ:N
ñ:n
Ó:O
ó:o
Ú:U
ú:u
Ü:U
ü:u
¡:!

# Danish, Norwegian
Å:A
å:a
Æ:Ae
æ:ae
Ø:O
ø:o

# Finnish, Swedish
Å:A
å:a
Ä:A
ä:a
Ö:O
ö:o

# Cyrillic Russian, (Bulgaria uses a subset)
А:A
а:a
Б:B
б:b
В:V
в:v
Г:G
г:g
Д:D
д:d
Е:E
е:e
Ё:E
ё:e
Ж:Z
ж:z
З:Z
з:z
И:I
и:i
Й:I
й:i
К:K
к:k
Л:L
л:l
М:M
м:m
Н:N
н:n
О:O
о:o
П:P
п:p
Р:R
р:r
С:S
с:s
Т:T
т:t
У:U
у:u
Ф:F
ф:f
Х:Ch
х:ch
Ц:C
ц:c
Ч:C
ч:c
Ш:S
ш:s
Щ:Sc
щ:sc
Ъ:
ъ:
Ы:Y
ы:y
Ь:
ь:
Э:E
э:e
Ю:Ju
ю:ju
Я:Ja
я:ja

# Croatian, Serbian Latin
Č:C
č:c
Ć:C
ć:c
Đ:Dj
đ:dj
Š:S
š:s
Ž:Z
ž:z

# Serbian Cyrillic
А:A
а:a
Б:B
б:b
В:V
в:v
Г:G
г:g
Д:D
д:d
Ђ:Dj
ђ:dj
Е:E
е:e
Ж:Z
ж:z
З:Z
з:z
И:I
и:i
Ј:J
ј:j
К:K
к:k
Л:L
л:l
Љ:Lj
љ:lj
М:M
м:m
Н:N
н:n
Њ:Nj
њ:nj
О:O
о:o
П:P
п:p
Р:R
р:r
С:S
с:s
Т:T
т:t
Ћ:C
ћ:c
У:U
у:u
Ф:F
ф:f
Х:Ch
х:ch
Ц:C
ц:c
Ч:C
ч:c
Џ:Dj
џ:dj
Ш:S
ш:s

# Greek (Modern Greek transliteration)
Α:A
α:a
Β:B
β:b
Γ:G
γ:g
Δ:D
δ:d
Ε:E
ε:e
Ζ:Z
ζ:z
Η:I
η:i
Θ:Th
θ:th
Ι:I
ι:i
Κ:K
κ:k
Λ:L
λ:l
Μ:M
μ:m
Ν:N
ν:n
Ξ:X
ξ:x
Ο:O
ο:o
Π:P
π:p
Ρ:R
ρ:r
Σ:S
σ:s
ς:s
Τ:T
τ:t
Υ:Y
υ:y
Φ:F
φ:f
Χ:Ch
χ:ch
Ψ:Ps
ψ:ps
Ω:O
ω:o
